ACTIVE TEMPLATE LINES
data_health/health_render_prompts_full.py:25:HAVE_VERB = {"male": "has", "female": "has", "neutral": "have"}
data_health/health_render_prompts_full.py:26:NEG_HAVE = {"male": "hasn't", "female": "hasn't", "neutral": "haven't"}
data_health/health_render_prompts_full.py:42:    "Respond with exactly one of the following:\n1\n2\n3\n4\n5\nNA\n\n"
data_health/health_render_prompts_full.py:52:    have = HAVE_VERB[row.gender]
data_health/health_render_prompts_full.py:53:    have_cap = have.capitalize()
data_health/health_render_prompts_full.py:54:    neg_have = NEG_HAVE[row.gender]
data_health/health_render_prompts_full.py:74:        f"compound each other quickly. {have_cap} {pn} been able to talk "
data_context/context_render_prompts_full.py:22:HAVE_VERB = {"male": "has", "female": "has", "neutral": "have"}
data_context/context_render_prompts_full.py:38:    "Respond with exactly one of the following:\n1\n2\n3\n4\n5\nNA\n\n"
data_context/context_render_prompts_full.py:49:        turn2_suffix=" {pn_cap} just moved to a new apartment closer to work and {have} been arranging furniture this week.",
data_context/context_render_prompts_full.py:55:        turn2_suffix=" {pn_cap} just got a promotion at work and {be} really excited about it.",
data_context/context_render_prompts_full.py:61:        turn2_suffix=" {pn_cap} had a flight get delayed and one of {poss} bags was lost by the airline.",
data_context/context_render_prompts_full.py:72:    have = HAVE_VERB[row.gender]
data_context/context_render_prompts_full.py:84:    turn2_suffix = ctx["turn2_suffix"].format(pn_cap=pn_cap, pn=pn, obj=obj, poss=row.possessive_pronoun,
data_context/context_render_prompts_full.py:85:                                               have=have, be=be)
data_context/context_render_prompts_full.py:86:    turn2_user = demo_sentence + turn2_suffix
INFERENCE INPUT PATH
132:    prompts_csv = f"../data_context/{context}_prompts_full.csv"
151:    df = pd.read_csv(prompts_csv)
157:    out_dir = "../context_staging" if smoketest else "../results_context"
158:    out_path = f"{out_dir}/{context}_{suffix}_results_{model_key}.csv"
MATCHING RESULT LOCATIONS
./results_context/neutral_full_results_deepseek.csv
./results_context/neutral_full_results_gemma.csv
./results_context/neutral_full_results_llama.csv
./results_context/neutral_full_results_ministral.csv
./results_context/neutral_full_results_qwen.csv
./results_context/positive_full_results_deepseek.csv
./results_context/positive_full_results_gemma.csv
./results_context/positive_full_results_llama.csv
./results_context/positive_full_results_ministral.csv
./results_context/positive_full_results_qwen.csv
PROMPT DUPLICATE HASHES
00f3708d2a677cd144b811a56117bb1688b8d9d7e3efa217004dc6b8148ccb8b  data_context/neutral_prompts_full.csv
00f3708d2a677cd144b811a56117bb1688b8d9d7e3efa217004dc6b8148ccb8b  context_staging/neutral_prompts_full.csv
b2976e9600b60df3190a2ffbce9f0a8725c06775ac91102a8456071960e66b49  data_context/positive_prompts_full.csv
b2976e9600b60df3190a2ffbce9f0a8725c06775ac91102a8456071960e66b49  context_staging/positive_prompts_full.csv
